The premises of your proof do not match the premises in the proof template.

The conclusion of your proof does not match the conclusion in the proof template.
