Line 3: line 4 is being referenced in the justification, but that line does not exist.