Line 2: the proof rule Reit is used, but the sentence in this line is not the same as the sentence in the referenced line.